src/components/AnalyticsChart.tsx(165,59): error TS18048: 'percent' is possibly 'undefined'.
src/components/dashboard/DoshaQuiz.tsx(121,22): error TS2339: Property 'doshaProfile' does not exist on type 'UserProfile'.
src/components/dashboard/DoshaQuiz.tsx(123,27): error TS2339: Property 'doshaProfile' does not exist on type 'UserProfile'.
src/components/DashboardLayout.tsx(156,76): error TS2367: This comparison appears to be unintentional because the types 'UserRole' and '"practitioner"' have no overlap.
src/components/FilterModal.tsx(31,16): error TS2345: Argument of type '(prev: { priority: string; dosha: never[]; status: string; therapy: string; dateRange: string; priorityRange: number[]; }) => { dosha: string[]; priority: string; status: string; therapy: string; dateRange: string; priorityRange: number[]; }' is not assignable to parameter of type 'SetStateAction<{ priority: string; dosha: never[]; status: string; therapy: string; dateRange: string; priorityRange: number[]; }>'.
  Type '(prev: { priority: string; dosha: never[]; status: string; therapy: string; dateRange: string; priorityRange: number[]; }) => { dosha: string[]; priority: string; status: string; therapy: string; dateRange: string; priorityRange: number[]; }' is not assignable to type '(prevState: { priority: string; dosha: never[]; status: string; therapy: string; dateRange: string; priorityRange: number[]; }) => { priority: string; dosha: never[]; status: string; therapy: string; dateRange: string; priorityRange: number[]; }'.
    Call signature return types '{ dosha: string[]; priority: string; status: string; therapy: string; dateRange: string; priorityRange: number[]; }' and '{ priority: string; dosha: never[]; status: string; therapy: string; dateRange: string; priorityRange: number[]; }' are incompatible.
      The types of 'dosha' are incompatible between these types.
        Type 'string[]' is not assignable to type 'never[]'.
          Type 'string' is not assignable to type 'never'.
src/components/FilterModal.tsx(42,43): error TS2365: Operator '>' cannot be applied to types 'string | number' and 'number'.
src/components/FilterModal.tsx(42,59): error TS2365: Operator '<' cannot be applied to types 'string | number' and 'number'.
src/components/FilterModal.tsx(126,55): error TS2345: Argument of type 'string' is not assignable to parameter of type 'never'.
src/components/FilterModal.tsx(138,66): error TS2339: Property 'toLowerCase' does not exist on type 'never'.
src/components/ui/calendar.tsx(45,9): error TS2353: Object literal may only specify known properties, and 'IconLeft' does not exist in type 'Partial<CustomComponents>'.
src/components/ui/chart.tsx(106,7): error TS2339: Property 'payload' does not exist on type 'Omit<Omit<Props<ValueType, NameType>, PropertiesReadFromContext> & { active?: boolean | undefined; allowEscapeViewBox?: AllowInDimension | undefined; ... 24 more ...; wrapperStyle?: CSSProperties | undefined; } & ClassAttributes<...> & HTMLAttributes<...> & { ...; }, "ref">'.
src/components/ui/chart.tsx(111,7): error TS2339: Property 'label' does not exist on type 'Omit<Omit<Props<ValueType, NameType>, PropertiesReadFromContext> & { active?: boolean | undefined; allowEscapeViewBox?: AllowInDimension | undefined; ... 24 more ...; wrapperStyle?: CSSProperties | undefined; } & ClassAttributes<...> & HTMLAttributes<...> & { ...; }, "ref">'.
src/components/ui/chart.tsx(163,25): error TS7006: Parameter 'item' implicitly has an 'any' type.
src/components/ui/chart.tsx(163,31): error TS7006: Parameter 'index' implicitly has an 'any' type.
src/components/ui/chart.tsx(233,41): error TS2344: Type '"verticalAlign" | "payload"' does not satisfy the constraint '"string" | "filter" | "fill" | "values" | "slot" | "style" | "clipPath" | "mask" | "path" | "key" | "type" | "suppressHydrationWarning" | "className" | "id" | "lang" | "nonce" | ... 433 more ... | "onBBoxUpdate"'.
  Type '"payload"' is not assignable to type '"string" | "filter" | "fill" | "values" | "slot" | "style" | "clipPath" | "mask" | "path" | "key" | "type" | "suppressHydrationWarning" | "className" | "id" | "lang" | "nonce" | ... 433 more ... | "onBBoxUpdate"'.
src/components/ui/chart.tsx(240,17): error TS2339: Property 'length' does not exist on type '{}'.
src/components/ui/chart.tsx(249,16): error TS2339: Property 'map' does not exist on type '{}'.
src/components/ui/chart.tsx(249,21): error TS7006: Parameter 'item' implicitly has an 'any' type.
src/components/ui/resizable.tsx(6,102): error TS2339: Property 'PanelGroup' does not exist on type 'typeof import("C:/Users/RUDRA/OneDrive/Desktop/Nothing/TenancyPassport/AyurSutra/client/node_modules/react-resizable-panels/dist/react-resizable-panels")'.
src/components/ui/resizable.tsx(7,23): error TS2339: Property 'PanelGroup' does not exist on type 'typeof import("C:/Users/RUDRA/OneDrive/Desktop/Nothing/TenancyPassport/AyurSutra/client/node_modules/react-resizable-panels/dist/react-resizable-panels")'.
src/components/ui/resizable.tsx(19,51): error TS2339: Property 'PanelResizeHandle' does not exist on type 'typeof import("C:/Users/RUDRA/OneDrive/Desktop/Nothing/TenancyPassport/AyurSutra/client/node_modules/react-resizable-panels/dist/react-resizable-panels")'.
src/components/ui/resizable.tsx(22,23): error TS2339: Property 'PanelResizeHandle' does not exist on type 'typeof import("C:/Users/RUDRA/OneDrive/Desktop/Nothing/TenancyPassport/AyurSutra/client/node_modules/react-resizable-panels/dist/react-resizable-panels")'.
src/components/ui/resizable.tsx(34,24): error TS2339: Property 'PanelResizeHandle' does not exist on type 'typeof import("C:/Users/RUDRA/OneDrive/Desktop/Nothing/TenancyPassport/AyurSutra/client/node_modules/react-resizable-panels/dist/react-resizable-panels")'.
src/lib/firebase.ts(11,25): error TS2339: Property 'env' does not exist on type 'ImportMeta'.
src/lib/firebase.ts(12,29): error TS2339: Property 'env' does not exist on type 'ImportMeta'.
src/lib/firebase.ts(13,28): error TS2339: Property 'env' does not exist on type 'ImportMeta'.
src/lib/firebase.ts(14,32): error TS2339: Property 'env' does not exist on type 'ImportMeta'.
src/lib/firebase.ts(15,36): error TS2339: Property 'env' does not exist on type 'ImportMeta'.
src/lib/firebase.ts(16,24): error TS2339: Property 'env' does not exist on type 'ImportMeta'.
src/lib/firebase.ts(17,32): error TS2339: Property 'env' does not exist on type 'ImportMeta'.
src/pages/Landing.tsx(7,27): error TS2307: Cannot find module '@/assets/ayurveda-hero.jpg' or its corresponding type declarations.
src/pages/Landing.tsx(8,22): error TS2307: Cannot find module '@/assets/yoga-figure.png' or its corresponding type declarations.
src/pages/Landing.tsx(9,24): error TS2307: Cannot find module '@/assets/aiayurveda.png' or its corresponding type declarations.
src/pages/Messages.tsx(123,26): error TS2367: This comparison appears to be unintentional because the types 'UserRole' and '"practitioner"' have no overlap.
src/pages/Messages.tsx(142,22): error TS2367: This comparison appears to be unintentional because the types 'UserRole' and '"practitioner"' have no overlap.
src/pages/Messages.tsx(174,26): error TS2367: This comparison appears to be unintentional because the types 'UserRole' and '"practitioner"' have no overlap.
src/pages/Messages.tsx(213,26): error TS2367: This comparison appears to be unintentional because the types 'UserRole' and '"practitioner"' have no overlap.
src/pages/Messages.tsx(227,18): error TS2367: This comparison appears to be unintentional because the types 'UserRole' and '"practitioner"' have no overlap.
src/pages/PatientRecords.tsx(266,52): error TS2345: Argument of type '{ id: string; date: string; type: string; title: string; doctor: string; status: string; summary: string; details: { symptoms_before: { insomnia: number; stiff_joints: number; }; symptoms_after: { insomnia: number; stiff_joints: number; }; ... 9 more ...; blood_sugar?: undefined; }; } | { ...; } | { ...; }' is not assignable to parameter of type 'SetStateAction<null>'.
  Type '{ id: string; date: string; type: string; title: string; doctor: string; status: string; summary: string; details: { symptoms_before: { insomnia: number; stiff_joints: number; }; symptoms_after: { insomnia: number; stiff_joints: number; }; ... 9 more ...; blood_sugar?: undefined; }; }' is not assignable to type 'SetStateAction<null>'.
    Type '{ id: string; date: string; type: string; title: string; doctor: string; status: string; summary: string; details: { symptoms_before: { insomnia: number; stiff_joints: number; }; symptoms_after: { insomnia: number; stiff_joints: number; }; ... 9 more ...; blood_sugar?: undefined; }; }' provides no match for the signature '(prevState: null): null'.
src/pages/ReportAnalyzer.tsx(69,34): error TS2339: Property 'env' does not exist on type 'ImportMeta'.
